{
  "version": "1.5.0",
  "plugins_used": [
    {
      "name": "AWSKeyDetector"
    },
    {
      "name": "AzureStorageKeyDetector"
    },
    {
      "name": "BasicAuthDetector"
    },
    {
      "name": "CloudantDetector"
    },
    {
      "name": "GitHubTokenDetector"
    },
    {
      "name": "HexHighEntropyString",
      "limit": 3.0
    },
    {
      "name": "IbmCloudIamDetector"
    },
    {
      "name": "JwtTokenDetector"
    },
    {
      "name": "KeywordDetector",
      "keyword_exclude": ""
    },
    {
      "name": "MailchimpDetector"
    },
    {
      "name": "PrivateKeyDetector"
    },
    {
      "name": "SendGridDetector"
    },
    {
      "name": "SlackDetector"
    },
    {
      "name": "SoftlayerDetector"
    },
    {
      "name": "SquareOAuthDetector"
    },
    {
      "name": "StripeDetector"
    },
    {
      "name": "TwilioKeyDetector"
    }
  ],
  "filters_used": [
    {
      "path": "detect_secrets.filters.allowlist.is_filtered_out_globally"
    },
    {
      "path": "detect_secrets.filters.common.is_baseline_file",
      "filename": ".secrets.baseline"
    },
    {
      "path": "detect_secrets.filters.common.is_ignored_due_to_verification_policies",
      "min_level": 2
    },
    {
      "path": "detect_secrets.filters.heuristic.is_potential_uuid"
    },
    {
      "path": "detect_secrets.filters.heuristic.is_prefixed_with_dollar_sign"
    },
    {
      "path": "detect_secrets.filters.heuristic.is_templated_secret"
    },
    {
      "path": "detect_secrets.filters.regex.should_exclude_file",
      "pattern": [
        "^(\\.claude|\\.agents|\\.codex|\\.deployment-catalog)/"
      ]
    }
  ],
  "results": {
    ".github/workflows/000-bootstrap-backend.yml": [
      {
        "type": "Secret Keyword",
        "filename": ".github/workflows/000-bootstrap-backend.yml",
        "hashed_secret": "c78a2fff6a6d6ed8e5f793558ba9e4a62632601e",
        "is_verified": false,
        "line_number": 92
      }
    ],
    ".github/workflows/100-validate-prereqs.yml": [
      {
        "type": "Secret Keyword",
        "filename": ".github/workflows/100-validate-prereqs.yml",
        "hashed_secret": "2bea603dc4cfe264065a429baffe6aace4e6b0a5",
        "is_verified": false,
        "line_number": 203
      }
    ],
    ".github/workflows/210-deploy.yml": [
      {
        "type": "Secret Keyword",
        "filename": ".github/workflows/210-deploy.yml",
        "hashed_secret": "c78a2fff6a6d6ed8e5f793558ba9e4a62632601e",
        "is_verified": false,
        "line_number": 221
      },
      {
        "type": "Secret Keyword",
        "filename": ".github/workflows/210-deploy.yml",
        "hashed_secret": "a18b76a7817f0c1620d9d777849139812e24e040",
        "is_verified": false,
        "line_number": 1192
      },
      {
        "type": "Secret Keyword",
        "filename": ".github/workflows/210-deploy.yml",
        "hashed_secret": "d26217391bb39e84c1fab6d2e3bf76ebebfa6a4a",
        "is_verified": false,
        "line_number": 1192
      }
    ],
    ".github/workflows/230-image-update.yml": [
      {
        "type": "Secret Keyword",
        "filename": ".github/workflows/230-image-update.yml",
        "hashed_secret": "3e26d6750975d678acb8fa35a0f69237881576b0",
        "is_verified": false,
        "line_number": 148
      }
    ],
    "infra/terraform/environments/dev/workload/main.tf": [
      {
        "type": "Secret Keyword",
        "filename": "infra/terraform/environments/dev/workload/main.tf",
        "hashed_secret": "44737a7b1c7f487ebdc08d090c92b9d4899c221c",
        "is_verified": false,
        "line_number": 159
      },
      {
        "type": "Secret Keyword",
        "filename": "infra/terraform/environments/dev/workload/main.tf",
        "hashed_secret": "c35a4a77a3a1fad3a4fadbdf603d6e4ff432a5cd",
        "is_verified": false,
        "line_number": 160
      },
      {
        "type": "Secret Keyword",
        "filename": "infra/terraform/environments/dev/workload/main.tf",
        "hashed_secret": "329771079677092333d4c2ea6b5267dddcc3f0c0",
        "is_verified": false,
        "line_number": 163
      }
    ],
    "infra/terraform/environments/prod/workload/main.tf": [
      {
        "type": "Secret Keyword",
        "filename": "infra/terraform/environments/prod/workload/main.tf",
        "hashed_secret": "44737a7b1c7f487ebdc08d090c92b9d4899c221c",
        "is_verified": false,
        "line_number": 160
      },
      {
        "type": "Secret Keyword",
        "filename": "infra/terraform/environments/prod/workload/main.tf",
        "hashed_secret": "c35a4a77a3a1fad3a4fadbdf603d6e4ff432a5cd",
        "is_verified": false,
        "line_number": 161
      },
      {
        "type": "Secret Keyword",
        "filename": "infra/terraform/environments/prod/workload/main.tf",
        "hashed_secret": "329771079677092333d4c2ea6b5267dddcc3f0c0",
        "is_verified": false,
        "line_number": 164
      }
    ],
    "infra/terraform/modules/runtime/variables.tf": [
      {
        "type": "Basic Auth Credentials",
        "filename": "infra/terraform/modules/runtime/variables.tf",
        "hashed_secret": "9d4e1e23bd5b727046a9e3b4b7db57bd8d6ee684",
        "is_verified": false,
        "line_number": 22
      }
    ],
    "scripts/Initialize-CnaGitHubSecrets.ps1": [
      {
        "type": "Secret Keyword",
        "filename": "scripts/Initialize-CnaGitHubSecrets.ps1",
        "hashed_secret": "c2f44268512f9fa8ec8418c995419eedcbc5cb5d",
        "is_verified": false,
        "line_number": 1710
      }
    ],
    "scripts/Remove-CnaStaleAiResources.ps1": [
      {
        "type": "Secret Keyword",
        "filename": "scripts/Remove-CnaStaleAiResources.ps1",
        "hashed_secret": "f7fc3c5d8d56454ea020dd9c14465e7c788f2018",
        "is_verified": false,
        "line_number": 126
      }
    ]
  },
  "generated_at": "2026-09-23T09:03:00Z"
}
